Archive member included to satisfy reference by file (symbol)

c:/st/stm32cubeide_1.5.1/stm32cubeide/plugins/com.st.stm32cube.ide.mcu.externaltools.gnu-tools-for-stm32.7-2018-q2-update.win32_1.5.0.202011040924/tools/bin/../lib/gcc/arm-none-eabi/7.3.1/../../../../arm-none-eabi/lib/thumb/v7e-m\libc.a(lib_a-exit.o)
                              c:/st/stm32cubeide_1.5.1/stm32cubeide/plugins/com.st.stm32cube.ide.mcu.externaltools.gnu-tools-for-stm32.7-2018-q2-update.win32_1.5.0.202011040924/tools/bin/../lib/gcc/arm-none-eabi/7.3.1/../../../../arm-none-eabi/lib/thumb/v7e-m/rdimon-crt0.o (exit)
c:/st/stm32cubeide_1.5.1/stm32cubeide/plugins/com.st.stm32cube.ide.mcu.externaltools.gnu-tools-for-stm32.7-2018-q2-update.win32_1.5.0.202011040924/tools/bin/../lib/gcc/arm-none-eabi/7.3.1/../../../../arm-none-eabi/lib/thumb/v7e-m\libc.a(lib_a-impure.o)
                              c:/st/stm32cubeide_1.5.1/stm32cubeide/plugins/com.st.stm32cube.ide.mcu.externaltools.gnu-tools-for-stm32.7-2018-q2-update.win32_1.5.0.202011040924/tools/bin/../lib/gcc/arm-none-eabi/7.3.1/../../../../arm-none-eabi/lib/thumb/v7e-m\libc.a(lib_a-exit.o) (_global_impure_ptr)
c:/st/stm32cubeide_1.5.1/stm32cubeide/plugins/com.st.stm32cube.ide.mcu.externaltools.gnu-tools-for-stm32.7-2018-q2-update.win32_1.5.0.202011040924/tools/bin/../lib/gcc/arm-none-eabi/7.3.1/../../../../arm-none-eabi/lib/thumb/v7e-m\libc.a(lib_a-init.o)
                              c:/st/stm32cubeide_1.5.1/stm32cubeide/plugins/com.st.stm32cube.ide.mcu.externaltools.gnu-tools-for-stm32.7-2018-q2-update.win32_1.5.0.202011040924/tools/bin/../lib/gcc/arm-none-eabi/7.3.1/../../../../arm-none-eabi/lib/thumb/v7e-m/rdimon-crt0.o (__libc_init_array)
c:/st/stm32cubeide_1.5.1/stm32cubeide/plugins/com.st.stm32cube.ide.mcu.externaltools.gnu-tools-for-stm32.7-2018-q2-update.win32_1.5.0.202011040924/tools/bin/../lib/gcc/arm-none-eabi/7.3.1/../../../../arm-none-eabi/lib/thumb/v7e-m\libc.a(lib_a-memset.o)
                              c:/st/stm32cubeide_1.5.1/stm32cubeide/plugins/com.st.stm32cube.ide.mcu.externaltools.gnu-tools-for-stm32.7-2018-q2-update.win32_1.5.0.202011040924/tools/bin/../lib/gcc/arm-none-eabi/7.3.1/../../../../arm-none-eabi/lib/thumb/v7e-m/rdimon-crt0.o (memset)
c:/st/stm32cubeide_1.5.1/stm32cubeide/plugins/com.st.stm32cube.ide.mcu.externaltools.gnu-tools-for-stm32.7-2018-q2-update.win32_1.5.0.202011040924/tools/bin/../lib/gcc/arm-none-eabi/7.3.1/../../../../arm-none-eabi/lib/thumb/v7e-m\libc.a(lib_a-strlen.o)
                              src/010i2c_master_tx_testing.o (strlen)
c:/st/stm32cubeide_1.5.1/stm32cubeide/plugins/com.st.stm32cube.ide.mcu.externaltools.gnu-tools-for-stm32.7-2018-q2-update.win32_1.5.0.202011040924/tools/bin/../lib/gcc/arm-none-eabi/7.3.1/../../../../arm-none-eabi/lib/thumb/v7e-m\libc.a(lib_a-__call_atexit.o)
                              c:/st/stm32cubeide_1.5.1/stm32cubeide/plugins/com.st.stm32cube.ide.mcu.externaltools.gnu-tools-for-stm32.7-2018-q2-update.win32_1.5.0.202011040924/tools/bin/../lib/gcc/arm-none-eabi/7.3.1/../../../../arm-none-eabi/lib/thumb/v7e-m\libc.a(lib_a-exit.o) (__call_exitprocs)
c:/st/stm32cubeide_1.5.1/stm32cubeide/plugins/com.st.stm32cube.ide.mcu.externaltools.gnu-tools-for-stm32.7-2018-q2-update.win32_1.5.0.202011040924/tools/bin/../lib/gcc/arm-none-eabi/7.3.1/../../../../arm-none-eabi/lib/thumb/v7e-m\libc.a(lib_a-atexit.o)
                              c:/st/stm32cubeide_1.5.1/stm32cubeide/plugins/com.st.stm32cube.ide.mcu.externaltools.gnu-tools-for-stm32.7-2018-q2-update.win32_1.5.0.202011040924/tools/bin/../lib/gcc/arm-none-eabi/7.3.1/../../../../arm-none-eabi/lib/thumb/v7e-m\libc.a(lib_a-__call_atexit.o) (atexit)
c:/st/stm32cubeide_1.5.1/stm32cubeide/plugins/com.st.stm32cube.ide.mcu.externaltools.gnu-tools-for-stm32.7-2018-q2-update.win32_1.5.0.202011040924/tools/bin/../lib/gcc/arm-none-eabi/7.3.1/../../../../arm-none-eabi/lib/thumb/v7e-m\libc.a(lib_a-fini.o)
                              c:/st/stm32cubeide_1.5.1/stm32cubeide/plugins/com.st.stm32cube.ide.mcu.externaltools.gnu-tools-for-stm32.7-2018-q2-update.win32_1.5.0.202011040924/tools/bin/../lib/gcc/arm-none-eabi/7.3.1/../../../../arm-none-eabi/lib/thumb/v7e-m\libc.a(lib_a-__call_atexit.o) (__libc_fini_array)
c:/st/stm32cubeide_1.5.1/stm32cubeide/plugins/com.st.stm32cube.ide.mcu.externaltools.gnu-tools-for-stm32.7-2018-q2-update.win32_1.5.0.202011040924/tools/bin/../lib/gcc/arm-none-eabi/7.3.1/../../../../arm-none-eabi/lib/thumb/v7e-m\libc.a(lib_a-lock.o)
                              c:/st/stm32cubeide_1.5.1/stm32cubeide/plugins/com.st.stm32cube.ide.mcu.externaltools.gnu-tools-for-stm32.7-2018-q2-update.win32_1.5.0.202011040924/tools/bin/../lib/gcc/arm-none-eabi/7.3.1/../../../../arm-none-eabi/lib/thumb/v7e-m\libc.a(lib_a-__call_atexit.o) (__retarget_lock_acquire_recursive)
[...]
Memory Configuration

Name             Origin             Length             Attributes
RAM              0x0000000020000000 0x0000000000020000 xrw
ROM              0x0000000008000000 0x0000000000100000 xr
*default*        0x0000000000000000 0xffffffffffffffff

Linker script and memory map

LOAD c:/st/stm32cubeide_1.5.1/stm32cubeide/plugins/com.st.stm32cube.ide.mcu.externaltools.gnu-tools-for-stm32.7-2018-q2-update.win32_1.5.0.202011040924/tools/bin/../lib/gcc/arm-none-eabi/7.3.1/thumb/v7e-m/crti.o
LOAD c:/st/stm32cubeide_1.5.1/stm32cubeide/plugins/com.st.stm32cube.ide.mcu.externaltools.gnu-tools-for-stm32.7-2018-q2-update.win32_1.5.0.202011040924/tools/bin/../lib/gcc/arm-none-eabi/7.3.1/thumb/v7e-m/crtbegin.o
LOAD c:/st/stm32cubeide_1.5.1/stm32cubeide/plugins/com.st.stm32cube.ide.mcu.externaltools.gnu-tools-for-stm32.7-2018-q2-update.win32_1.5.0.202011040924/tools/bin/../lib/gcc/arm-none-eabi/7.3.1/../../../../arm-none-eabi/lib/thumb/v7e-m/rdimon-crt0.o
LOAD drivers/src/stm32f407xx_gpio_driver.o
LOAD drivers/src/stm32f407xx_i2c_driver.o
LOAD drivers/src/stm32f407xx_rcc_driver.o
LOAD drivers/src/stm32f407xx_spi_driver.o
LOAD drivers/src/stm32f407xx_usart_driver.o
LOAD src/010i2c_master_tx_testing.o
LOAD startup/startup_stm32.o
LOAD c:/st/stm32cubeide_1.5.1/stm32cubeide/plugins/com.st.stm32cube.ide.mcu.externaltools.gnu-tools-for-stm32.7-2018-q2-update.win32_1.5.0.202011040924/tools/bin/../lib/gcc/arm-none-eabi/7.3.1/../../../../arm-none-eabi/lib/thumb/v7e-m\libc.a
LOAD c:/st/stm32cubeide_1.5.1/stm32cubeide/plugins/com.st.stm32cube.ide.mcu.externaltools.gnu-tools-for-stm32.7-2018-q2-update.win32_1.5.0.202011040924/tools/bin/../lib/gcc/arm-none-eabi/7.3.1/../../../../arm-none-eabi/lib/thumb/v7e-m\librdimon.a
START GROUP
LOAD c:/st/stm32cubeide_1.5.1/stm32cubeide/plugins/com.st.stm32cube.ide.mcu.externaltools.gnu-tools-for-stm32.7-2018-q2-update.win32_1.5.0.202011040924/tools/bin/../lib/gcc/arm-none-eabi/7.3.1/../../../../arm-none-eabi/lib/thumb/v7e-m\libc.a
LOAD c:/st/stm32cubeide_1.5.1/stm32cubeide/plugins/com.st.stm32cube.ide.mcu.externaltools.gnu-tools-for-stm32.7-2018-q2-update.win32_1.5.0.202011040924/tools/bin/../lib/gcc/arm-none-eabi/7.3.1/../../../../arm-none-eabi/lib/thumb/v7e-m\libm.a
END GROUP
START GROUP
LOAD c:/st/stm32cubeide_1.5.1/stm32cubeide/plugins/com.st.stm32cube.ide.mcu.externaltools.gnu-tools-for-stm32.7-2018-q2-update.win32_1.5.0.202011040924/tools/bin/../lib/gcc/arm-none-eabi/7.3.1/thumb/v7e-m\libgcc.a
LOAD c:/st/stm32cubeide_1.5.1/stm32cubeide/plugins/com.st.stm32cube.ide.mcu.externaltools.gnu-tools-for-stm32.7-2018-q2-update.win32_1.5.0.202011040924/tools/bin/../lib/gcc/arm-none-eabi/7.3.1/../../../../arm-none-eabi/lib/thumb/v7e-m\libc.a
END GROUP
START GROUP
LOAD c:/st/stm32cubeide_1.5.1/stm32cubeide/plugins/com.st.stm32cube.ide.mcu.externaltools.gnu-tools-for-stm32.7-2018-q2-update.win32_1.5.0.202011040924/tools/bin/../lib/gcc/arm-none-eabi/7.3.1/thumb/v7e-m\libgcc.a
LOAD c:/st/stm32cubeide_1.5.1/stm32cubeide/plugins/com.st.stm32cube.ide.mcu.externaltools.gnu-tools-for-stm32.7-2018-q2-update.win32_1.5.0.202011040924/tools/bin/../lib/gcc/arm-none-eabi/7.3.1/../../../../arm-none-eabi/lib/thumb/v7e-m\libc.a
LOAD c:/st/stm32cubeide_1.5.1/stm32cubeide/plugins/com.st.stm32cube.ide.mcu.externaltools.gnu-tools-for-stm32.7-2018-q2-update.win32_1.5.0.202011040924/tools/bin/../lib/gcc/arm-none-eabi/7.3.1/../../../../arm-none-eabi/lib/thumb/v7e-m\librdimon.a
END GROUP
LOAD c:/st/stm32cubeide_1.5.1/stm32cubeide/plugins/com.st.stm32cube.ide.mcu.externaltools.gnu-tools-for-stm32.7-2018-q2-update.win32_1.5.0.202011040924/tools/bin/../lib/gcc/arm-none-eabi/7.3.1/thumb/v7e-m/crtend.o
LOAD c:/st/stm32cubeide_1.5.1/stm32cubeide/plugins/com.st.stm32cube.ide.mcu.externaltools.gnu-tools-for-stm32.7-2018-q2-update.win32_1.5.0.202011040924/tools/bin/../lib/gcc/arm-none-eabi/7.3.1/thumb/v7e-m/crtn.o
                0x0000000020020000                _estack = 0x20020000
                0x0000000000000000                _Min_Heap_Size = 0x0
                0x0000000000000400                _Min_Stack_Size = 0x400

.isr_vector     0x0000000008000000      0x1a8
                0x0000000008000000                . = ALIGN (0x4)
 *(.isr_vector)
 .isr_vector    0x0000000008000000      0x1a8 startup/startup_stm32.o
                0x0000000008000000                g_pfnVectors
                0x00000000080001a8                . = ALIGN (0x4)

.text           0x00000000080001a8      0xc50
                0x00000000080001a8                . = ALIGN (0x4)
 *(.text)
 .text          0x00000000080001a8       0x40 c:/st/stm32cubeide_1.5.1/stm32cubeide/plugins/com.st.stm32cube.ide.mcu.externaltools.gnu-tools-for-stm32.7-2018-q2-update.win32_1.5.0.202011040924/tools/bin/../lib/gcc/arm-none-eabi/7.3.1/thumb/v7e-m/crtbegin.o
 .text          0x00000000080001e8       0x10 c:/st/stm32cubeide_1.5.1/stm32cubeide/plugins/com.st.stm32cube.ide.mcu.externaltools.gnu-tools-for-stm32.7-2018-q2-update.win32_1.5.0.202011040924/tools/bin/../lib/gcc/arm-none-eabi/7.3.1/../../../../arm-none-eabi/lib/thumb/v7e-m\libc.a(lib_a-strlen.o)
                0x00000000080001e8                strlen
 *(.text*)
 .text.GPIO_PeriClockControl
                0x00000000080001f8      0x108 drivers/src/stm32f407xx_gpio_driver.o
                0x00000000080001f8                GPIO_PeriClockControl
 .text.GPIO_Init
                0x0000000008000300      0x338 drivers/src/stm32f407xx_gpio_driver.o
                0x0000000008000300                GPIO_Init
 .text.GPIO_ReadFromInputPin
                0x0000000008000638       0x2a drivers/src/stm32f407xx_gpio_driver.o
                0x0000000008000638                GPIO_ReadFromInputPin
 .text.I2C_GenerateStartCondition
                0x0000000008000662       0x1e drivers/src/stm32f407xx_i2c_driver.o
 .text.I2C_ExecuteAddressPhaseWrite
                0x0000000008000680       0x2a drivers/src/stm32f407xx_i2c_driver.o
 .text.I2C_ClearADDRFlag
                0x00000000080006aa       0x6e drivers/src/stm32f407xx_i2c_driver.o
 .text.I2C_GenerateStopCondition
                0x0000000008000718       0x1e drivers/src/stm32f407xx_i2c_driver.o
                0x0000000008000718                I2C_GenerateStopCondition
 .text.I2C_PeripheralControl
                0x0000000008000736       0x36 drivers/src/stm32f407xx_i2c_driver.o
                0x0000000008000736                I2C_PeripheralControl
 .text.I2C_PeriClockControl
                0x000000000800076c       0x6c drivers/src/stm32f407xx_i2c_driver.o
                0x000000000800076c                I2C_PeriClockControl
 .text.I2C_Init
                0x00000000080007d8      0x164 drivers/src/stm32f407xx_i2c_driver.o
                0x00000000080007d8                I2C_Init
 .text.I2C_GetFlagStatus
                0x000000000800093c       0x26 drivers/src/stm32f407xx_i2c_driver.o
                0x000000000800093c                I2C_GetFlagStatus
 .text.I2C_MasterSendData
                0x0000000008000962       0xc6 drivers/src/stm32f407xx_i2c_driver.o
                0x0000000008000962                I2C_MasterSendData
 .text.I2C_ManageAcking
                0x0000000008000a28       0x36 drivers/src/stm32f407xx_i2c_driver.o
                0x0000000008000a28                I2C_ManageAcking
 *fill*         0x0000000008000a5e        0x2 
 .text.RCC_GetPCLK1Value
                0x0000000008000a60       0xb0 drivers/src/stm32f407xx_rcc_driver.o
                0x0000000008000a60                RCC_GetPCLK1Value
 .text.RCC_GetPLLOutputClock
                0x0000000008000b10        0xe drivers/src/stm32f407xx_rcc_driver.o
                0x0000000008000b10                RCC_GetPLLOutputClock
 *fill*         0x0000000008000b1e        0x2 
 .text.delay    0x0000000008000b20       0x28 src/010i2c_master_tx_testing.o
                0x0000000008000b20                delay
 .text.I2C1_GPIOInits
                0x0000000008000b48       0x44 src/010i2c_master_tx_testing.o
                0x0000000008000b48                I2C1_GPIOInits
 .text.I2C1_Inits
                0x0000000008000b8c       0x38 src/010i2c_master_tx_testing.o
                0x0000000008000b8c                I2C1_Inits
 .text.GPIO_ButtonInit
                0x0000000008000bc4       0x30 src/010i2c_master_tx_testing.o
                0x0000000008000bc4                GPIO_ButtonInit
 .text.main     0x0000000008000bf4       0x58 src/010i2c_master_tx_testing.o
                0x0000000008000bf4                main
 .text.Reset_Handler
                0x0000000008000c4c       0x50 startup/startup_stm32.o
                0x0000000008000c4c                Reset_Handler
 .text.Default_Handler
                0x0000000008000c9c        0x2 startup/startup_stm32.o
                0x0000000008000c9c                RTC_Alarm_IRQHandler
                0x0000000008000c9c                HASH_RNG_IRQHandler
                0x0000000008000c9c                EXTI2_IRQHandler
                0x0000000008000c9c                TIM8_CC_IRQHandler
                0x0000000008000c9c                DebugMon_Handler
                0x0000000008000c9c                TIM1_CC_IRQHandler
                0x0000000008000c9c                DMA2_Stream5_IRQHandler
                0x0000000008000c9c                HardFault_Handler
                0x0000000008000c9c                DMA1_Stream5_IRQHandler
                0x0000000008000c9c                SysTick_Handler
                0x0000000008000c9c                PVD_IRQHandler
                0x0000000008000c9c                SDIO_IRQHandler
                0x0000000008000c9c                TAMP_STAMP_IRQHandler
                0x0000000008000c9c                PendSV_Handler
                0x0000000008000c9c                NMI_Handler
                0x0000000008000c9c                CAN2_RX1_IRQHandler
                0x0000000008000c9c                EXTI3_IRQHandler
                0x0000000008000c9c                TIM8_TRG_COM_TIM14_IRQHandler
                0x0000000008000c9c                TIM1_UP_TIM10_IRQHandler
                0x0000000008000c9c                TIM8_UP_TIM13_IRQHandler
                0x0000000008000c9c                I2C3_ER_IRQHandler
                0x0000000008000c9c                LCD_TFT_IRQHandler
                0x0000000008000c9c                EXTI0_IRQHandler
                0x0000000008000c9c                I2C2_EV_IRQHandler
                0x0000000008000c9c                DMA1_Stream2_IRQHandler
                0x0000000008000c9c                CAN1_RX0_IRQHandler
                0x0000000008000c9c                FPU_IRQHandler
                0x0000000008000c9c                OTG_HS_WKUP_IRQHandler
                0x0000000008000c9c                UsageFault_Handler
                0x0000000008000c9c                CAN2_SCE_IRQHandler
                0x0000000008000c9c                DMA2_Stream2_IRQHandler
                0x0000000008000c9c                SPI1_IRQHandler
                0x0000000008000c9c                TIM6_DAC_IRQHandler
                0x0000000008000c9c                TIM1_BRK_TIM9_IRQHandler
                0x0000000008000c9c                DCMI_IRQHandler
                0x0000000008000c9c                CAN2_RX0_IRQHandler
                0x0000000008000c9c                DMA2_Stream3_IRQHandler
                0x0000000008000c9c                USART6_IRQHandler
                0x0000000008000c9c                USART3_IRQHandler
                0x0000000008000c9c                CRYP_IRQHandler
                0x0000000008000c9c                CAN1_RX1_IRQHandler
                0x0000000008000c9c                UART5_IRQHandler
                0x0000000008000c9c                DMA2_Stream0_IRQHandler
                0x0000000008000c9c                TIM4_IRQHandler
                0x0000000008000c9c                I2C1_EV_IRQHandler
                0x0000000008000c9c                DMA1_Stream6_IRQHandler
                0x0000000008000c9c                DMA1_Stream1_IRQHandler
                0x0000000008000c9c                UART4_IRQHandler
                0x0000000008000c9c                LCD_TFT_1_IRQHandler
                0x0000000008000c9c                TIM3_IRQHandler
                0x0000000008000c9c                RCC_IRQHandler
                0x0000000008000c9c                TIM8_BRK_TIM12_IRQHandler
                0x0000000008000c9c                Default_Handler
                0x0000000008000c9c                EXTI15_10_IRQHandler
                0x0000000008000c9c                ADC_IRQHandler
                0x0000000008000c9c                DMA1_Stream7_IRQHandler
                0x0000000008000c9c                TIM7_IRQHandler
                0x0000000008000c9c                CAN2_TX_IRQHandler
                0x0000000008000c9c                TIM5_IRQHandler
                0x0000000008000c9c                DMA2_Stream7_IRQHandler
                0x0000000008000c9c                I2C3_EV_IRQHandler
                0x0000000008000c9c                EXTI9_5_IRQHandler
                0x0000000008000c9c                RTC_WKUP_IRQHandler
                0x0000000008000c9c                ETH_WKUP_IRQHandler
                0x0000000008000c9c                SPI2_IRQHandler
                0x0000000008000c9c                OTG_HS_EP1_IN_IRQHandler
                0x0000000008000c9c                MemManage_Handler
                0x0000000008000c9c                DMA1_Stream0_IRQHandler
                0x0000000008000c9c                CAN1_TX_IRQHandler
                0x0000000008000c9c                SVC_Handler
                0x0000000008000c9c                EXTI4_IRQHandler
                0x0000000008000c9c                FSMC_IRQHandler
                0x0000000008000c9c                ETH_IRQHandler
                0x0000000008000c9c                OTG_HS_EP1_OUT_IRQHandler
                0x0000000008000c9c                WWDG_IRQHandler
                0x0000000008000c9c                TIM2_IRQHandler
                0x0000000008000c9c                OTG_FS_WKUP_IRQHandler
                0x0000000008000c9c                TIM1_TRG_COM_TIM11_IRQHandler
                0x0000000008000c9c                OTG_HS_IRQHandler
                0x0000000008000c9c                EXTI1_IRQHandler
                0x0000000008000c9c                USART2_IRQHandler
                0x0000000008000c9c                I2C2_ER_IRQHandler
                0x0000000008000c9c                DMA2_Stream1_IRQHandler
                0x0000000008000c9c                CAN1_SCE_IRQHandler
                0x0000000008000c9c                DMA2_Stream4_IRQHandler
                0x0000000008000c9c                BusFault_Handler
                0x0000000008000c9c                USART1_IRQHandler
                0x0000000008000c9c                OTG_FS_IRQHandler
                0x0000000008000c9c                SPI3_IRQHandler
                0x0000000008000c9c                DMA1_Stream4_IRQHandler
                0x0000000008000c9c                I2C1_ER_IRQHandler
                0x0000000008000c9c                DMA2_Stream6_IRQHandler
                0x0000000008000c9c                DMA1_Stream3_IRQHandler
 *fill*         0x0000000008000c9e        0x2 
 .text.__libc_init_array
                0x0000000008000ca0       0x48 c:/st/stm32cubeide_1.5.1/stm32cubeide/plugins/com.st.stm32cube.ide.mcu.externaltools.gnu-tools-for-stm32.7-2018-q2-update.win32_1.5.0.202011040924/tools/bin/../lib/gcc/arm-none-eabi/7.3.1/../../../../arm-none-eabi/lib/thumb/v7e-m\libc.a(lib_a-init.o)
                0x0000000008000ca0                __libc_init_array
 .text.startup.register_fini
                0x0000000008000ce8       0x14 c:/st/stm32cubeide_1.5.1/stm32cubeide/plugins/com.st.stm32cube.ide.mcu.externaltools.gnu-tools-for-stm32.7-2018-q2-update.win32_1.5.0.202011040924/tools/bin/../lib/gcc/arm-none-eabi/7.3.1/../../../../arm-none-eabi/lib/thumb/v7e-m\libc.a(lib_a-__call_atexit.o)
 .text.atexit   0x0000000008000cfc        0xc c:/st/stm32cubeide_1.5.1/stm32cubeide/plugins/com.st.stm32cube.ide.mcu.externaltools.gnu-tools-for-stm32.7-2018-q2-update.win32_1.5.0.202011040924/tools/bin/../lib/gcc/arm-none-eabi/7.3.1/../../../../arm-none-eabi/lib/thumb/v7e-m\libc.a(lib_a-atexit.o)
                0x0000000008000cfc                atexit
 .text.__libc_fini_array
                0x0000000008000d08       0x28 c:/st/stm32cubeide_1.5.1/stm32cubeide/plugins/com.st.stm32cube.ide.mcu.externaltools.gnu-tools-for-stm32.7-2018-q2-update.win32_1.5.0.202011040924/tools/bin/../lib/gcc/arm-none-eabi/7.3.1/../../../../arm-none-eabi/lib/thumb/v7e-m\libc.a(lib_a-fini.o)
                0x0000000008000d08                __libc_fini_array
 .text.__retarget_lock_acquire_recursive
                0x0000000008000d30        0x2 c:/st/stm32cubeide_1.5.1/stm32cubeide/plugins/com.st.stm32cube.ide.mcu.externaltools.gnu-tools-for-stm32.7-2018-q2-update.win32_1.5.0.202011040924/tools/bin/../lib/gcc/arm-none-eabi/7.3.1/../../../../arm-none-eabi/lib/thumb/v7e-m\libc.a(lib_a-lock.o)
                0x0000000008000d30                __retarget_lock_acquire_recursive
 .text.__retarget_lock_release_recursive
                0x0000000008000d32        0x2 c:/st/stm32cubeide_1.5.1/stm32cubeide/plugins/com.st.stm32cube.ide.mcu.externaltools.gnu-tools-for-stm32.7-2018-q2-update.win32_1.5.0.202011040924/tools/bin/../lib/gcc/arm-none-eabi/7.3.1/../../../../arm-none-eabi/lib/thumb/v7e-m\libc.a(lib_a-lock.o)
                0x0000000008000d32                __retarget_lock_release_recursive
 .text.__register_exitproc
                0x0000000008000d34       0xac c:/st/stm32cubeide_1.5.1/stm32cubeide/plugins/com.st.stm32cube.ide.mcu.externaltools.gnu-tools-for-stm32.7-2018-q2-update.win32_1.5.0.202011040924/tools/bin/../lib/gcc/arm-none-eabi/7.3.1/../../../../arm-none-eabi/lib/thumb/v7e-m\libc.a(lib_a-__atexit.o)
                0x0000000008000d34                __register_exitproc
 *(.glue_7)
 .glue_7        0x0000000008000de0        0x0 linker stubs
 *(.glue_7t)
 .glue_7t       0x0000000008000de0        0x0 linker stubs
 *(.eh_frame)
 .eh_frame      0x0000000008000de0        0x0 c:/st/stm32cubeide_1.5.1/stm32cubeide/plugins/com.st.stm32cube.ide.mcu.externaltools.gnu-tools-for-stm32.7-2018-q2-update.win32_1.5.0.202011040924/tools/bin/../lib/gcc/arm-none-eabi/7.3.1/thumb/v7e-m/crtbegin.o
 *(.init)
 .init          0x0000000008000de0        0x4 c:/st/stm32cubeide_1.5.1/stm32cubeide/plugins/com.st.stm32cube.ide.mcu.externaltools.gnu-tools-for-stm32.7-2018-q2-update.win32_1.5.0.202011040924/tools/bin/../lib/gcc/arm-none-eabi/7.3.1/thumb/v7e-m/crti.o
                0x0000000008000de0                _init
 .init          0x0000000008000de4        0x8 c:/st/stm32cubeide_1.5.1/stm32cubeide/plugins/com.st.stm32cube.ide.mcu.externaltools.gnu-tools-for-stm32.7-2018-q2-update.win32_1.5.0.202011040924/tools/bin/../lib/gcc/arm-none-eabi/7.3.1/thumb/v7e-m/crtn.o
 *(.fini)
 .fini          0x0000000008000dec        0x4 c:/st/stm32cubeide_1.5.1/stm32cubeide/plugins/com.st.stm32cube.ide.mcu.externaltools.gnu-tools-for-stm32.7-2018-q2-update.win32_1.5.0.202011040924/tools/bin/../lib/gcc/arm-none-eabi/7.3.1/thumb/v7e-m/crti.o
                0x0000000008000dec                _fini
 .fini          0x0000000008000df0        0x8 c:/st/stm32cubeide_1.5.1/stm32cubeide/plugins/com.st.stm32cube.ide.mcu.externaltools.gnu-tools-for-stm32.7-2018-q2-update.win32_1.5.0.202011040924/tools/bin/../lib/gcc/arm-none-eabi/7.3.1/thumb/v7e-m/crtn.o
                0x0000000008000df8                . = ALIGN (0x4)
                0x0000000008000df8                _etext = .

.vfp11_veneer   0x0000000008000df8        0x0
 .vfp11_veneer  0x0000000008000df8        0x0 linker stubs

.v4_bx          0x0000000008000df8        0x0
 .v4_bx         0x0000000008000df8        0x0 linker stubs

.iplt           0x0000000008000df8        0x0
 .iplt          0x0000000008000df8        0x0 c:/st/stm32cubeide_1.5.1/stm32cubeide/plugins/com.st.stm32cube.ide.mcu.externaltools.gnu-tools-for-stm32.7-2018-q2-update.win32_1.5.0.202011040924/tools/bin/../lib/gcc/arm-none-eabi/7.3.1/thumb/v7e-m/crtbegin.o

.rodata         0x0000000008000df8        0x4
                0x0000000008000df8                . = ALIGN (0x4)
 *(.rodata)
 *(.rodata*)
 .rodata._global_impure_ptr
                0x0000000008000df8        0x4 c:/st/stm32cubeide_1.5.1/stm32cubeide/plugins/com.st.stm32cube.ide.mcu.externaltools.gnu-tools-for-stm32.7-2018-q2-update.win32_1.5.0.202011040924/tools/bin/../lib/gcc/arm-none-eabi/7.3.1/../../../../arm-none-eabi/lib/thumb/v7e-m\libc.a(lib_a-impure.o)
                0x0000000008000df8                _global_impure_ptr
                0x0000000008000dfc                . = ALIGN (0x4)

.rel.dyn        0x0000000008000dfc        0x0
 .rel.iplt      0x0000000008000dfc        0x0 c:/st/stm32cubeide_1.5.1/stm32cubeide/plugins/com.st.stm32cube.ide.mcu.externaltools.gnu-tools-for-stm32.7-2018-q2-update.win32_1.5.0.202011040924/tools/bin/../lib/gcc/arm-none-eabi/7.3.1/thumb/v7e-m/crtbegin.o

.ARM.extab      0x0000000008000dfc        0x0
                0x0000000008000dfc                . = ALIGN (0x4)
 *(.ARM.extab* .gnu.linkonce.armextab.*)
                0x0000000008000dfc                . = ALIGN (0x4)

.ARM            0x0000000008000dfc        0x0
                0x0000000008000dfc                . = ALIGN (0x4)
                0x0000000008000dfc                __exidx_start = .
 *(.ARM.exidx*)
                0x0000000008000dfc                __exidx_end = .
                0x0000000008000dfc                . = ALIGN (0x4)

.preinit_array  0x0000000008000dfc        0x0
                0x0000000008000dfc                . = ALIGN (0x4)
                0x0000000008000dfc                PROVIDE (__preinit_array_start = .)
 *(.preinit_array*)
                0x0000000008000dfc                PROVIDE (__preinit_array_end = .)
                0x0000000008000dfc                . = ALIGN (0x4)

.init_array     0x0000000008000dfc        0x8
                0x0000000008000dfc                . = ALIGN (0x4)
                0x0000000008000dfc                PROVIDE (__init_array_start = .)
 *(SORT_BY_NAME(.init_array.*))
 .init_array.00000
                0x0000000008000dfc        0x4 c:/st/stm32cubeide_1.5.1/stm32cubeide/plugins/com.st.stm32cube.ide.mcu.externaltools.gnu-tools-for-stm32.7-2018-q2-update.win32_1.5.0.202011040924/tools/bin/../lib/gcc/arm-none-eabi/7.3.1/../../../../arm-none-eabi/lib/thumb/v7e-m\libc.a(lib_a-__call_atexit.o)
 *(.init_array*)
 .init_array    0x0000000008000e00        0x4 c:/st/stm32cubeide_1.5.1/stm32cubeide/plugins/com.st.stm32cube.ide.mcu.externaltools.gnu-tools-for-stm32.7-2018-q2-update.win32_1.5.0.202011040924/tools/bin/../lib/gcc/arm-none-eabi/7.3.1/thumb/v7e-m/crtbegin.o
                0x0000000008000e04                PROVIDE (__init_array_end = .)
                0x0000000008000e04                . = ALIGN (0x4)

.fini_array     0x0000000008000e04        0x4
                0x0000000008000e04                . = ALIGN (0x4)
                0x0000000008000e04                PROVIDE (__fini_array_start = .)
 *(SORT_BY_NAME(.fini_array.*))
 *(.fini_array*)
 .fini_array    0x0000000008000e04        0x4 c:/st/stm32cubeide_1.5.1/stm32cubeide/plugins/com.st.stm32cube.ide.mcu.externaltools.gnu-tools-for-stm32.7-2018-q2-update.win32_1.5.0.202011040924/tools/bin/../lib/gcc/arm-none-eabi/7.3.1/thumb/v7e-m/crtbegin.o
                0x0000000008000e08                PROVIDE (__fini_array_end = .)
                0x0000000008000e08                . = ALIGN (0x4)
                0x0000000008000e08                _sidata = LOADADDR (.data)

.data           0x0000000020000000      0x464 load address 0x0000000008000e08
                0x0000000020000000                . = ALIGN (0x4)
                0x0000000020000000                _sdata = .
 *(.data)
 .data          0x0000000020000000       0x14 drivers/src/stm32f407xx_rcc_driver.o
                0x0000000020000000                AHB_PreScaler
                0x0000000020000010                APB1_PreScaler
 .data          0x0000000020000014       0x1e src/010i2c_master_tx_testing.o
                0x0000000020000014                some_data
 *(.data*)
 *fill*         0x0000000020000032        0x6 
 .data.impure_data
                0x0000000020000038      0x428 c:/st/stm32cubeide_1.5.1/stm32cubeide/plugins/com.st.stm32cube.ide.mcu.externaltools.gnu-tools-for-stm32.7-2018-q2-update.win32_1.5.0.202011040924/tools/bin/../lib/gcc/arm-none-eabi/7.3.1/../../../../arm-none-eabi/lib/thumb/v7e-m\libc.a(lib_a-impure.o)
 .data.__atexit_recursive_mutex
                0x0000000020000460        0x4 c:/st/stm32cubeide_1.5.1/stm32cubeide/plugins/com.st.stm32cube.ide.mcu.externaltools.gnu-tools-for-stm32.7-2018-q2-update.win32_1.5.0.202011040924/tools/bin/../lib/gcc/arm-none-eabi/7.3.1/../../../../arm-none-eabi/lib/thumb/v7e-m\libc.a(lib_a-__call_atexit.o)
                0x0000000020000460                __atexit_recursive_mutex
                0x0000000020000464                . = ALIGN (0x4)
                0x0000000020000464                _edata = .

.igot.plt       0x0000000020000464        0x0 load address 0x000000000800126c
 .igot.plt      0x0000000020000464        0x0 c:/st/stm32cubeide_1.5.1/stm32cubeide/plugins/com.st.stm32cube.ide.mcu.externaltools.gnu-tools-for-stm32.7-2018-q2-update.win32_1.5.0.202011040924/tools/bin/../lib/gcc/arm-none-eabi/7.3.1/thumb/v7e-m/crtbegin.o
                0x0000000020000464                . = ALIGN (0x4)

.bss            0x0000000020000464       0x50 load address 0x000000000800126c
                0x0000000020000464                _sbss = .
                0x0000000020000464                __bss_start__ = _sbss
 *(.bss)
 .bss           0x0000000020000464       0x1c c:/st/stm32cubeide_1.5.1/stm32cubeide/plugins/com.st.stm32cube.ide.mcu.externaltools.gnu-tools-for-stm32.7-2018-q2-update.win32_1.5.0.202011040924/tools/bin/../lib/gcc/arm-none-eabi/7.3.1/thumb/v7e-m/crtbegin.o
 *(.bss*)
 *(COMMON)
 COMMON         0x0000000020000480       0x28 src/010i2c_master_tx_testing.o
                0x0000000020000480                I2C1Handle
 COMMON         0x00000000200004a8        0x9 c:/st/stm32cubeide_1.5.1/stm32cubeide/plugins/com.st.stm32cube.ide.mcu.externaltools.gnu-tools-for-stm32.7-2018-q2-update.win32_1.5.0.202011040924/tools/bin/../lib/gcc/arm-none-eabi/7.3.1/../../../../arm-none-eabi/lib/thumb/v7e-m\libc.a(lib_a-lock.o)
                0x00000000200004a8                __lock___atexit_recursive_mutex
                0x00000000200004a9                __lock___arc4random_mutex
                0x00000000200004aa                __lock___env_recursive_mutex
                0x00000000200004ab                __lock___sinit_recursive_mutex
                0x00000000200004ac                __lock___malloc_recursive_mutex
                0x00000000200004ad                __lock___at_quick_exit_mutex
                0x00000000200004ae                __lock___dd_hash_mutex
                0x00000000200004af                __lock___tz_mutex
                0x00000000200004b0                __lock___sfp_recursive_mutex
                0x00000000200004b4                . = ALIGN (0x4)
 *fill*         0x00000000200004b1        0x3 
                0x00000000200004b4                _ebss = .
                0x00000000200004b4                __bss_end__ = _ebss

._user_heap_stack
                0x00000000200004b4      0x404 load address 0x000000000800126c
                0x00000000200004b8                . = ALIGN (0x8)
 *fill*         0x00000000200004b4        0x4 
                0x00000000200004b8                PROVIDE (end = .)
                [!provide]                        PROVIDE (_end = .)
                0x00000000200004b8                . = (. + _Min_Heap_Size)
                0x00000000200008b8                . = (. + _Min_Stack_Size)
 *fill*         0x00000000200004b8      0x400 
                0x00000000200008b8                . = ALIGN (0x8)

/DISCARD/
 libc.a(*)
 libm.a(*)
 libgcc.a(*)

.ARM.attributes
                0x0000000000000000       0x2a
 *(.ARM.attributes)
 .ARM.attributes
                0x0000000000000000       0x1e c:/st/stm32cubeide_1.5.1/stm32cubeide/plugins/com.st.stm32cube.ide.mcu.externaltools.gnu-tools-for-stm32.7-2018-q2-update.win32_1.5.0.202011040924/tools/bin/../lib/gcc/arm-none-eabi/7.3.1/thumb/v7e-m/crti.o
 .ARM.attributes
                0x000000000000001e       0x2e c:/st/stm32cubeide_1.5.1/stm32cubeide/plugins/com.st.stm32cube.ide.mcu.externaltools.gnu-tools-for-stm32.7-2018-q2-update.win32_1.5.0.202011040924/tools/bin/../lib/gcc/arm-none-eabi/7.3.1/thumb/v7e-m/crtbegin.o
 .ARM.attributes
                0x000000000000004c       0x33 drivers/src/stm32f407xx_gpio_driver.o
 .ARM.attributes
                0x000000000000007f       0x33 drivers/src/stm32f407xx_i2c_driver.o
 .ARM.attributes
                0x00000000000000b2       0x33 drivers/src/stm32f407xx_rcc_driver.o
 .ARM.attributes
                0x00000000000000e5       0x33 src/010i2c_master_tx_testing.o
 .ARM.attributes
                0x0000000000000118       0x21 startup/startup_stm32.o
 .ARM.attributes
                0x0000000000000139       0x2e c:/st/stm32cubeide_1.5.1/stm32cubeide/plugins/com.st.stm32cube.ide.mcu.externaltools.gnu-tools-for-stm32.7-2018-q2-update.win32_1.5.0.202011040924/tools/bin/../lib/gcc/arm-none-eabi/7.3.1/../../../../arm-none-eabi/lib/thumb/v7e-m\libc.a(lib_a-impure.o)
 .ARM.attributes
                0x0000000000000167       0x2e c:/st/stm32cubeide_1.5.1/stm32cubeide/plugins/com.st.stm32cube.ide.mcu.externaltools.gnu-tools-for-stm32.7-2018-q2-update.win32_1.5.0.202011040924/tools/bin/../lib/gcc/arm-none-eabi/7.3.1/../../../../arm-none-eabi/lib/thumb/v7e-m\libc.a(lib_a-init.o)
 .ARM.attributes
                0x0000000000000195       0x17 c:/st/stm32cubeide_1.5.1/stm32cubeide/plugins/com.st.stm32cube.ide.mcu.externaltools.gnu-tools-for-stm32.7-2018-q2-update.win32_1.5.0.202011040924/tools/bin/../lib/gcc/arm-none-eabi/7.3.1/../../../../arm-none-eabi/lib/thumb/v7e-m\libc.a(lib_a-strlen.o)
 .ARM.attributes
                0x00000000000001ac       0x2e c:/st/stm32cubeide_1.5.1/stm32cubeide/plugins/com.st.stm32cube.ide.mcu.externaltools.gnu-tools-for-stm32.7-2018-q2-update.win32_1.5.0.202011040924/tools/bin/../lib/gcc/arm-none-eabi/7.3.1/../../../../arm-none-eabi/lib/thumb/v7e-m\libc.a(lib_a-__call_atexit.o)
 .ARM.attributes
                0x00000000000001da       0x2e c:/st/stm32cubeide_1.5.1/stm32cubeide/plugins/com.st.stm32cube.ide.mcu.externaltools.gnu-tools-for-stm32.7-2018-q2-update.win32_1.5.0.202011040924/tools/bin/../lib/gcc/arm-none-eabi/7.3.1/../../../../arm-none-eabi/lib/thumb/v7e-m\libc.a(lib_a-atexit.o)
 .ARM.attributes
                0x0000000000000208       0x2e c:/st/stm32cubeide_1.5.1/stm32cubeide/plugins/com.st.stm32cube.ide.mcu.externaltools.gnu-tools-for-stm32.7-2018-q2-update.win32_1.5.0.202011040924/tools/bin/../lib/gcc/arm-none-eabi/7.3.1/../../../../arm-none-eabi/lib/thumb/v7e-m\libc.a(lib_a-fini.o)
 .ARM.attributes
                0x0000000000000236       0x2e c:/st/stm32cubeide_1.5.1/stm32cubeide/plugins/com.st.stm32cube.ide.mcu.externaltools.gnu-tools-for-stm32.7-2018-q2-update.win32_1.5.0.202011040924/tools/bin/../lib/gcc/arm-none-eabi/7.3.1/../../../../arm-none-eabi/lib/thumb/v7e-m\libc.a(lib_a-lock.o)
 .ARM.attributes
                0x0000000000000264       0x2e c:/st/stm32cubeide_1.5.1/stm32cubeide/plugins/com.st.stm32cube.ide.mcu.externaltools.gnu-tools-for-stm32.7-2018-q2-update.win32_1.5.0.202011040924/tools/bin/../lib/gcc/arm-none-eabi/7.3.1/../../../../arm-none-eabi/lib/thumb/v7e-m\libc.a(lib_a-__atexit.o)
 .ARM.attributes
                0x0000000000000292       0x1e c:/st/stm32cubeide_1.5.1/stm32cubeide/plugins/com.st.stm32cube.ide.mcu.externaltools.gnu-tools-for-stm32.7-2018-q2-update.win32_1.5.0.202011040924/tools/bin/../lib/gcc/arm-none-eabi/7.3.1/thumb/v7e-m/crtn.o
OUTPUT(stm32f4xx_drivers.elf elf32-littlearm)

.debug_info     0x0000000000000000     0x2136
 .debug_info    0x0000000000000000      0x742 drivers/src/stm32f407xx_gpio_driver.o
 .debug_info    0x0000000000000742      0xa0f drivers/src/stm32f407xx_i2c_driver.o
 .debug_info    0x0000000000001151      0x3a8 drivers/src/stm32f407xx_rcc_driver.o
 .debug_info    0x00000000000014f9      0xc1b src/010i2c_master_tx_testing.o
 .debug_info    0x0000000000002114       0x22 startup/startup_stm32.o

.debug_abbrev   0x0000000000000000      0x68c
 .debug_abbrev  0x0000000000000000      0x159 drivers/src/stm32f407xx_gpio_driver.o
 .debug_abbrev  0x0000000000000159      0x200 drivers/src/stm32f407xx_i2c_driver.o
 .debug_abbrev  0x0000000000000359       0xfd drivers/src/stm32f407xx_rcc_driver.o
 .debug_abbrev  0x0000000000000456      0x224 src/010i2c_master_tx_testing.o
 .debug_abbrev  0x000000000000067a       0x12 startup/startup_stm32.o

.debug_aranges  0x0000000000000000      0x1f0
 .debug_aranges
                0x0000000000000000       0x70 drivers/src/stm32f407xx_gpio_driver.o
 .debug_aranges
                0x0000000000000070       0xe8 drivers/src/stm32f407xx_i2c_driver.o
 .debug_aranges
                0x0000000000000158       0x30 drivers/src/stm32f407xx_rcc_driver.o
 .debug_aranges
                0x0000000000000188       0x40 src/010i2c_master_tx_testing.o
 .debug_aranges
                0x00000000000001c8       0x28 startup/startup_stm32.o

.debug_ranges   0x0000000000000000      0x1a8
 .debug_ranges  0x0000000000000000       0x60 drivers/src/stm32f407xx_gpio_driver.o
 .debug_ranges  0x0000000000000060       0xd8 drivers/src/stm32f407xx_i2c_driver.o
 .debug_ranges  0x0000000000000138       0x20 drivers/src/stm32f407xx_rcc_driver.o
 .debug_ranges  0x0000000000000158       0x30 src/010i2c_master_tx_testing.o
 .debug_ranges  0x0000000000000188       0x20 startup/startup_stm32.o

.debug_macro    0x0000000000000000     0x2d43
 .debug_macro   0x0000000000000000       0xc2 drivers/src/stm32f407xx_gpio_driver.o
 .debug_macro   0x00000000000000c2      0xa66 drivers/src/stm32f407xx_gpio_driver.o
 .debug_macro   0x0000000000000b28      0x174 drivers/src/stm32f407xx_gpio_driver.o
 .debug_macro   0x0000000000000c9c       0x22 drivers/src/stm32f407xx_gpio_driver.o
 .debug_macro   0x0000000000000cbe       0x8e drivers/src/stm32f407xx_gpio_driver.o
 .debug_macro   0x0000000000000d4c       0x51 drivers/src/stm32f407xx_gpio_driver.o
 .debug_macro   0x0000000000000d9d       0xef drivers/src/stm32f407xx_gpio_driver.o
 .debug_macro   0x0000000000000e8c       0x6a drivers/src/stm32f407xx_gpio_driver.o
 .debug_macro   0x0000000000000ef6      0x1df drivers/src/stm32f407xx_gpio_driver.o
 .debug_macro   0x00000000000010d5      0x674 drivers/src/stm32f407xx_gpio_driver.o
 .debug_macro   0x0000000000001749       0xbe drivers/src/stm32f407xx_gpio_driver.o
 .debug_macro   0x0000000000001807       0xd6 drivers/src/stm32f407xx_gpio_driver.o
 .debug_macro   0x00000000000018dd      0x108 drivers/src/stm32f407xx_gpio_driver.o
 .debug_macro   0x00000000000019e5       0xc4 drivers/src/stm32f407xx_gpio_driver.o
 .debug_macro   0x0000000000001aa9       0xc2 drivers/src/stm32f407xx_i2c_driver.o
 .debug_macro   0x0000000000001b6b       0xc4 drivers/src/stm32f407xx_i2c_driver.o
 .debug_macro   0x0000000000001c2f       0xd0 drivers/src/stm32f407xx_i2c_driver.o
 .debug_macro   0x0000000000001cff       0xbc drivers/src/stm32f407xx_rcc_driver.o
 .debug_macro   0x0000000000001dbb      0x244 src/010i2c_master_tx_testing.o
 .debug_macro   0x0000000000001fff       0x58 src/010i2c_master_tx_testing.o
 .debug_macro   0x0000000000002057       0x18 src/010i2c_master_tx_testing.o
 .debug_macro   0x000000000000206f       0x94 src/010i2c_master_tx_testing.o
 .debug_macro   0x0000000000002103       0x35 src/010i2c_master_tx_testing.o
 .debug_macro   0x0000000000002138       0x34 src/010i2c_master_tx_testing.o
 .debug_macro   0x000000000000216c       0x16 src/010i2c_master_tx_testing.o
 .debug_macro   0x0000000000002182       0x57 src/010i2c_master_tx_testing.o
 .debug_macro   0x00000000000021d9       0x97 src/010i2c_master_tx_testing.o
 .debug_macro   0x0000000000002270      0x330 src/010i2c_master_tx_testing.o
 .debug_macro   0x00000000000025a0       0xfd src/010i2c_master_tx_testing.o
 .debug_macro   0x000000000000269d       0x10 src/010i2c_master_tx_testing.o
 .debug_macro   0x00000000000026ad       0x58 src/010i2c_master_tx_testing.o
 .debug_macro   0x0000000000002705       0x1f src/010i2c_master_tx_testing.o
 .debug_macro   0x0000000000002724       0x43 src/010i2c_master_tx_testing.o
 .debug_macro   0x0000000000002767       0x20 src/010i2c_master_tx_testing.o
 .debug_macro   0x0000000000002787      0x18e src/010i2c_master_tx_testing.o
 .debug_macro   0x0000000000002915       0x10 src/010i2c_master_tx_testing.o
 .debug_macro   0x0000000000002925       0x1c src/010i2c_master_tx_testing.o
 .debug_macro   0x0000000000002941       0x52 src/010i2c_master_tx_testing.o
 .debug_macro   0x0000000000002993       0x40 src/010i2c_master_tx_testing.o
 .debug_macro   0x00000000000029d3       0x10 src/010i2c_master_tx_testing.o
 .debug_macro   0x00000000000029e3       0x40 src/010i2c_master_tx_testing.o
 .debug_macro   0x0000000000002a23       0xd7 src/010i2c_master_tx_testing.o
 .debug_macro   0x0000000000002afa       0x1c src/010i2c_master_tx_testing.o
 .debug_macro   0x0000000000002b16       0x3d src/010i2c_master_tx_testing.o
 .debug_macro   0x0000000000002b53       0x16 src/010i2c_master_tx_testing.o
 .debug_macro   0x0000000000002b69      0x16f src/010i2c_master_tx_testing.o
 .debug_macro   0x0000000000002cd8       0x16 src/010i2c_master_tx_testing.o
 .debug_macro   0x0000000000002cee       0x35 src/010i2c_master_tx_testing.o
 .debug_macro   0x0000000000002d23       0x20 src/010i2c_master_tx_testing.o

.debug_line     0x0000000000000000     0x1a58
 .debug_line    0x0000000000000000      0x68a drivers/src/stm32f407xx_gpio_driver.o
 .debug_line    0x000000000000068a      0x830 drivers/src/stm32f407xx_i2c_driver.o
 .debug_line    0x0000000000000eba      0x4d5 drivers/src/stm32f407xx_rcc_driver.o
 .debug_line    0x000000000000138f      0x64d src/010i2c_master_tx_testing.o
 .debug_line    0x00000000000019dc       0x7c startup/startup_stm32.o

.debug_str      0x0000000000000000     0xab50
 .debug_str     0x0000000000000000     0x6848 drivers/src/stm32f407xx_gpio_driver.o
                                       0x6a6b (size before relaxing)
 .debug_str     0x0000000000006848      0x386 drivers/src/stm32f407xx_i2c_driver.o
                                       0x6bb8 (size before relaxing)
 .debug_str     0x0000000000006bce       0xc1 drivers/src/stm32f407xx_rcc_driver.o
                                       0x68ab (size before relaxing)
 .debug_str     0x0000000000006c8f     0x3e98 src/010i2c_master_tx_testing.o
                                       0xa720 (size before relaxing)
 .debug_str     0x000000000000ab27       0x29 startup/startup_stm32.o
                                         0x72 (size before relaxing)

.comment        0x0000000000000000       0x7b
 .comment       0x0000000000000000       0x7b drivers/src/stm32f407xx_gpio_driver.o
                                         0x7c (size before relaxing)
 .comment       0x000000000000007b       0x7c drivers/src/stm32f407xx_i2c_driver.o
 .comment       0x000000000000007b       0x7c drivers/src/stm32f407xx_rcc_driver.o
 .comment       0x000000000000007b       0x7c src/010i2c_master_tx_testing.o

.debug_frame    0x0000000000000000      0x8b8
 .debug_frame   0x0000000000000000      0x1c8 drivers/src/stm32f407xx_gpio_driver.o
 .debug_frame   0x00000000000001c8      0x3f8 drivers/src/stm32f407xx_i2c_driver.o
 .debug_frame   0x00000000000005c0       0x7c drivers/src/stm32f407xx_rcc_driver.o
 .debug_frame   0x000000000000063c       0xbc src/010i2c_master_tx_testing.o
 .debug_frame   0x00000000000006f8       0x2c c:/st/stm32cubeide_1.5.1/stm32cubeide/plugins/com.st.stm32cube.ide.mcu.externaltools.gnu-tools-for-stm32.7-2018-q2-update.win32_1.5.0.202011040924/tools/bin/../lib/gcc/arm-none-eabi/7.3.1/../../../../arm-none-eabi/lib/thumb/v7e-m\libc.a(lib_a-init.o)
 .debug_frame   0x0000000000000724       0x58 c:/st/stm32cubeide_1.5.1/stm32cubeide/plugins/com.st.stm32cube.ide.mcu.externaltools.gnu-tools-for-stm32.7-2018-q2-update.win32_1.5.0.202011040924/tools/bin/../lib/gcc/arm-none-eabi/7.3.1/../../../../arm-none-eabi/lib/thumb/v7e-m\libc.a(lib_a-__call_atexit.o)
 .debug_frame   0x000000000000077c       0x20 c:/st/stm32cubeide_1.5.1/stm32cubeide/plugins/com.st.stm32cube.ide.mcu.externaltools.gnu-tools-for-stm32.7-2018-q2-update.win32_1.5.0.202011040924/tools/bin/../lib/gcc/arm-none-eabi/7.3.1/../../../../arm-none-eabi/lib/thumb/v7e-m\libc.a(lib_a-atexit.o)
 .debug_frame   0x000000000000079c       0x38 c:/st/stm32cubeide_1.5.1/stm32cubeide/plugins/com.st.stm32cube.ide.mcu.externaltools.gnu-tools-for-stm32.7-2018-q2-update.win32_1.5.0.202011040924/tools/bin/../lib/gcc/arm-none-eabi/7.3.1/../../../../arm-none-eabi/lib/thumb/v7e-m\libc.a(lib_a-fini.o)
 .debug_frame   0x00000000000007d4       0xb0 c:/st/stm32cubeide_1.5.1/stm32cubeide/plugins/com.st.stm32cube.ide.mcu.externaltools.gnu-tools-for-stm32.7-2018-q2-update.win32_1.5.0.202011040924/tools/bin/../lib/gcc/arm-none-eabi/7.3.1/../../../../arm-none-eabi/lib/thumb/v7e-m\libc.a(lib_a-lock.o)
 .debug_frame   0x0000000000000884       0x34 c:/st/stm32cubeide_1.5.1/stm32cubeide/plugins/com.st.stm32cube.ide.mcu.externaltools.gnu-tools-for-stm32.7-2018-q2-update.win32_1.5.0.202011040924/tools/bin/../lib/gcc/arm-none-eabi/7.3.1/../../../../arm-none-eabi/lib/thumb/v7e-m\libc.a(lib_a-__atexit.o)
